// Jest Snapshot v1, https://goo.gl/fbAQLP

exports[`Test Button component Case 1: Button Component Renders Correctly 1`] = `
<button
  className="button    button--medium"
  data-testid="button"
  disabled={false}
  onClick={[Function]}
>
  <span
    className="button__text"
    data-testid="button__text"
  >
    Click to increase: 
    0
  </span>
</button>
`;
