// Jest Snapshot v1, https://goo.gl/fbAQLP

exports[`Test Footer component Case 1: Footer Component Renders Correctly (Snapshot) 1`] = `
<article>
  <footer
    className="app__footer"
    data-testid="app__footer"
  >
    <div
      className="app__footer__contents"
      data-testid="app__footer__contents"
    >
      Made with 
      <span
        className="app__footer__contents__logo"
      >
        ❤️
      </span>
       by
      <a
        href="https://www.linkedin.com/in/samratat/"
        rel="noreferrer"
        target="_blank"
      >
        Samrat Ghosh
      </a>
      © 2021
    </div>
  </footer>
</article>
`;
